#-----------------------------------------------------------
# Vivado v2017.4 (64-bit)
# SW Build 2086221 on Fri Dec 15 20:55:39 MST 2017
# IP Build 2085800 on Fri Dec 15 22:25:07 MST 2017
# Start of session at: Fri Nov 23 00:32:52 2018
# Process ID: 14880
# Current directory: F:/programmeerbareHardware1/fullAdderSegment
# Command line: vivado.exe -gui_launcher_event rodinguilauncherevent16676 F:\programmeerbareHardware1\fullAdderSegment\fullAdderSegment.xpr
# Log file: F:/programmeerbareHardware1/fullAdderSegment/vivado.log
# Journal file: F:/programmeerbareHardware1/fullAdderSegment\vivado.jou
#-----------------------------------------------------------
start_gui
open_project F:/programmeerbareHardware1/fullAdderSegment/fullAdderSegment.xpr
open_hw
connect_hw_server
open_hw_target
set_property PROGRAM.FILE {F:/programmeerbareHardware1/fullAdderSegment/fullAdderSegment.runs/impl_1/fourBitAdderTop.bit} [get_hw_devices xc7a35t_0]
current_hw_device [get_hw_devices xc7a35t_0]
refresh_hw_device -update_hw_probes false [lindex [get_hw_devices xc7a35t_0] 0]
set_property PROBES.FILE {} [get_hw_devices xc7a35t_0]
set_property FULL_PROBES.FILE {} [get_hw_devices xc7a35t_0]
set_property PROGRAM.FILE {F:/programmeerbareHardware1/fullAdderSegment/fullAdderSegment.runs/impl_1/fourBitAdderTop.bit} [get_hw_devices xc7a35t_0]
program_hw_devices [get_hw_devices xc7a35t_0]
refresh_hw_device [lindex [get_hw_devices xc7a35t_0] 0]
